../Core/Src/htu21d.c:26:6:HTU21D_Init	8	static
../Core/Src/htu21d.c:37:6:HTU21D_Soft_Reset	24	static
../Core/Src/htu21d.c:49:10:HTU21D_ReadValue	32	static
../Core/Src/htu21d.c:87:7:procTemperatureValue	24	static
../Core/Src/htu21d.c:98:7:procHumidityValue	24	static
../Core/Src/htu21d.c:109:7:calcCelsiusToFahrenheit	16	static
../Core/Src/htu21d.c:118:7:calculatePartialPressure	24	static
../Core/Src/htu21d.c:129:7:calculateDewPointTemperature	24	static
../Core/Src/htu21d.c:141:6:setWarning	16	static
../Core/Src/htu21d.c:152:7:getValue	40	static
../Core/Src/htu21d.c:194:6:isTriggered	16	static
