../Core/Src/main.c:79:6:HTU21D_Soft_Reset	24	static
../Core/Src/main.c:88:10:HTU21D_ReadValue	32	static
../Core/Src/main.c:124:7:procTemperatureValue	24	static
../Core/Src/main.c:130:7:procHumidityValue	24	static
../Core/Src/main.c:136:7:calculatePartialPressure	24	static
../Core/Src/main.c:141:7:calculateDewPointTemperature	24	static
../Core/Src/main.c:156:5:main	104	static
../Core/Src/main.c:247:6:SystemClock_Config	96	static
../Core/Src/main.c:308:13:MX_I2C1_Init	8	static
../Core/Src/main.c:356:13:MX_USART2_UART_Init	8	static
../Core/Src/main.c:391:13:MX_GPIO_Init	40	static
../Core/Src/main.c:420:6:Error_Handler	4	static,ignoring_inline_asm
