../Core/Src/main.c:73:6:HTU21D_Soft_Reset	24	static
../Core/Src/main.c:82:6:HTU21D_REG_read	40	static
../Core/Src/main.c:98:6:HTU21D_REG_write	40	static
../Core/Src/main.c:109:10:HTU21D_ReadValue	32	static
../Core/Src/main.c:145:7:procTemperatureValue	24	static
../Core/Src/main.c:151:7:procHumidityValue	32	static
../Core/Src/main.c:168:5:main	64	static
../Core/Src/main.c:239:6:SystemClock_Config	96	static
../Core/Src/main.c:300:13:MX_I2C1_Init	8	static
../Core/Src/main.c:348:13:MX_USART2_UART_Init	8	static
../Core/Src/main.c:383:13:MX_GPIO_Init	40	static
../Core/Src/main.c:412:6:Error_Handler	4	static,ignoring_inline_asm
